// Jest Snapshot v1, https://goo.gl/fbAQLP

exports[`Navbar should render correctly 1`] = `
<div>
  <h1
    className=""
  >
     Politico React App 
  </h1>
</div>
`;
